 gcc -g p8original.c
 ./a.out
Enter the number of complex numbers: 3
Enter the real part: 3
Enter the imaginary part: 3
Enter the real part: 3
Enter the imaginary part: 3
Enter the real part: 3
Enter the imaginary part: 3
Sum of: 3.00+3.00i
3.00+3.00i
3.00+3.00i
is: 9.00+9.00i
 gdb a.out
GNU gdb (Ubuntu 8.1.1-0ubuntu1) 8.1.1
Copyright (C) 2018 Free Software Foundation, Inc.
License GPLv3+: GNU GPL version 3 or later <http://gnu.org/licenses/gpl.html>
This is free software: you are free to change and redistribute it.
There is NO WARRANTY, to the extent permitted by law.  Type "show copying"
and "show warranty" for details.
This GDB was configured as "x86_64-linux-gnu".
Type "show configuration" for configuration details.
For bug reporting instructions, please see:
<http://www.gnu.org/software/gdb/bugs/>.
Find the GDB manual and other documentation resources online at:
<http://www.gnu.org/software/gdb/documentation/>.
For help, type "help".
Type "apropos word" to search for commands related to "word"...
Reading symbols from a.out...done.
(gdb) b main
Breakpoint 1 at 0xa14: file p8original.c, line 73.
(gdb) r
Starting program: /home/runner/pps-IA1-practice-2/a.out 
warning: Error disabling address space randomization: Operation not permitted

Breakpoint 1, main () at p8original.c:73
73  {
(gdb) n
74    int n=get_n();
(gdb) n
Enter the number of complex numbers: n
75    complex c[n],res;
(gdb) n
76    input_n_complex(n,c);
(gdb) n
Enter the real part: Enter the imaginary part: n
Enter the real part: n
Enter the imaginary part: n
Enter the real part: n
Enter the imaginary part: n
Enter the real part: n